exports[`Logo should render properly 1`] = `"<div class=\"app__logo\"><span class=\"isvg failed app__logo__full\"><img src=\"\" alt=\"logos\"></span></div>"`;
